
<!DOCTYPE html>
<html>
<head>
    <title>Jdenticon ASP.NET WebForms sample</title>
</head>
<body>
    <h1>Jdenticon</h1>

    <p>This is a sample illustrating how Jdenticon can be used in ASP.NET WebForms environments.</p>

    <img src="/identicon.axd?KgMA8Xyneag7n4Dxmw--" />
    
    
            <h2>123</h2>
            <img src="/identicon.axd?LwMAQL0AFWMIy9u~7w--" />
        
            <h2>124</h2>
            <img src="/identicon.axd?4QMA84z~Li~scwDLRQ--" />
        
            <h2>Item3</h2>
            <img src="/identicon.axd?oAMA6sn0Qf8qfA6ybQ--" />
        
            <h2>Item4</h2>
            <img src="/identicon.axd?kwMAj95EmA~fg_WsxA--" />
        
</body>
</html>